


ARM Macro Assembler    Page 1 


    1 00000000         
    2 00000000         
    3 00000000         
    4 00000000         
    5 00000000                 AREA             RESET,CODE
    6 00000000                 ENTRY
    7 00000000         
    8 00000000 E3A00001        MOV              R0, #01     ;A
    9 00000004 E3A01002        MOV              R1, #02     ;B
   10 00000008         
   11 00000008 E0810080        ADD              R0,R1,R0,LSL #1
   12 0000000C         
   13 0000000C EAFFFFFE 
                       STOP    B                STOP
   14 00000010                 END
Command Line: --debug --xref --diag_suppress=9931 --apcs=interwork --depend=.\o
bjects\exp1.d -o.\objects\exp1.o -IC:\Keil_v5\ARM\RV31\INC -IC:\Keil_v5\ARM\CMS
IS\Include -IC:\Keil_v5\ARM\INC\Philips --predefine="__EVAL SETA 1" --predefine
="__UVISION_VERSION SETA 528" --list=.\listings\exp1.lst exp1.asm



ARM Macro Assembler    Page 1 Alphabetic symbol ordering
Relocatable symbols

RESET 00000000

Symbol: RESET
   Definitions
      At line 5 in file exp1.asm
   Uses
      None
Comment: RESET unused
STOP 0000000C

Symbol: STOP
   Definitions
      At line 13 in file exp1.asm
   Uses
      At line 13 in file exp1.asm
Comment: STOP used once
2 symbols
334 symbols in table
